// Jest Snapshot v1, https://goo.gl/fbAQLP

exports[`Password Reset comp matches snapshot when no data entered 1`] = `
<ContextConsumer>
  <Component />
</ContextConsumer>
`;
